ΓòöΓòÉΓòÉΓòÉΓòÉΓòÉΓòÉΓòÉΓòÉΓòÉΓòÉΓòÉΓòÉΓòÉΓòÉΓòÉΓòÉΓòÉΓòÉΓòÉΓòÉΓòÉΓòÉΓòÉΓòÉΓòÉΓòÉΓòÉΓòÉΓòÉΓòÉΓòÉΓòÉΓòÉΓòÉΓòÉΓòÉΓòÉΓòÉΓòÉΓòÉΓòÉΓòÉΓòÉΓòÉΓòÉΓòÉΓòÉΓòÉΓòÉΓòÉΓòÉΓòÉΓòÉΓòÉΓòÉΓòÉΓòÉΓòÉΓòù
Γòæ   PullCards ΓÇö Summon Randomness Validator                Γòæ
Γòæ   Iterations: 1000                                     Γòæ
ΓòÜΓòÉΓòÉΓòÉΓòÉΓòÉΓòÉΓòÉΓòÉΓòÉΓòÉΓòÉΓòÉΓòÉΓòÉΓòÉΓòÉΓòÉΓòÉΓòÉΓòÉΓòÉΓòÉΓòÉΓòÉΓòÉΓòÉΓòÉΓòÉΓòÉΓòÉΓòÉΓòÉΓòÉΓòÉΓòÉΓòÉΓòÉΓòÉΓòÉΓòÉΓòÉΓòÉΓòÉΓòÉΓòÉΓòÉΓòÉΓòÉΓòÉΓòÉΓòÉΓòÉΓòÉΓòÉΓòÉΓòÉΓòÉΓòÉΓò¥

≡ƒÄ▓ TEST 1: D20 Distribution (uniform 1-20)
ΓöÇΓöÇΓöÇΓöÇΓöÇΓöÇΓöÇΓöÇΓöÇΓöÇΓöÇΓöÇΓöÇΓöÇΓöÇΓöÇΓöÇΓöÇΓöÇΓöÇΓöÇΓöÇΓöÇΓöÇΓöÇΓöÇΓöÇΓöÇΓöÇΓöÇΓöÇΓöÇΓöÇΓöÇΓöÇΓöÇΓöÇΓöÇΓöÇΓöÇΓöÇΓöÇΓöÇΓöÇΓöÇΓöÇΓöÇΓöÇΓöÇΓöÇΓöÇΓöÇΓöÇΓöÇΓöÇΓöÇΓöÇΓöÇΓöÇΓöÇ
  d20= 1  ΓåÆ      55 hits  (5.50%)  ΓÜá∩╕Å
  d20= 2  ΓåÆ      46 hits  (4.60%)  ΓÜá∩╕Å
  d20= 3  ΓåÆ      53 hits  (5.30%)  ΓÜá∩╕Å
  d20= 4  ΓåÆ      42 hits  (4.20%)  ΓÜá∩╕Å
  d20= 5  ΓåÆ      43 hits  (4.30%)  ΓÜá∩╕Å
  d20= 6  ΓåÆ      50 hits  (5.00%)  Γ£à
  d20= 7  ΓåÆ      30 hits  (3.00%)  ΓÜá∩╕Å
  d20= 8  ΓåÆ      42 hits  (4.20%)  ΓÜá∩╕Å
  d20= 9  ΓåÆ      41 hits  (4.10%)  ΓÜá∩╕Å
  d20=10  ΓåÆ      57 hits  (5.70%)  ΓÜá∩╕Å
  d20=11  ΓåÆ      50 hits  (5.00%)  Γ£à
  d20=12  ΓåÆ      49 hits  (4.90%)  Γ£à
  d20=13  ΓåÆ      49 hits  (4.90%)  Γ£à
  d20=14  ΓåÆ      62 hits  (6.20%)  ΓÜá∩╕Å
  d20=15  ΓåÆ      55 hits  (5.50%)  ΓÜá∩╕Å
  d20=16  ΓåÆ      62 hits  (6.20%)  ΓÜá∩╕Å
  d20=17  ΓåÆ      54 hits  (5.40%)  ΓÜá∩╕Å
  d20=18  ΓåÆ      52 hits  (5.20%)  Γ£à
  d20=19  ΓåÆ      46 hits  (4.60%)  ΓÜá∩╕Å
  d20=20  ΓåÆ      62 hits  (6.20%)  ΓÜá∩╕Å

  Expected: ~50 per value (┬▒5%)
  Result: Γ¥î FAIL ΓÇö some values deviate beyond tolerance

≡ƒÄ▓ TEST 2: D100 Distribution (uniform 1-100)
ΓöÇΓöÇΓöÇΓöÇΓöÇΓöÇΓöÇΓöÇΓöÇΓöÇΓöÇΓöÇΓöÇΓöÇΓöÇΓöÇΓöÇΓöÇΓöÇΓöÇΓöÇΓöÇΓöÇΓöÇΓöÇΓöÇΓöÇΓöÇΓöÇΓöÇΓöÇΓöÇΓöÇΓöÇΓöÇΓöÇΓöÇΓöÇΓöÇΓöÇΓöÇΓöÇΓöÇΓöÇΓöÇΓöÇΓöÇΓöÇΓöÇΓöÇΓöÇΓöÇΓöÇΓöÇΓöÇΓöÇΓöÇΓöÇΓöÇΓöÇ
  d100 1-25    ΓåÆ     229 hits  (22.90%)  ΓÜá∩╕Å
  d100 26-50   ΓåÆ     237 hits  (23.70%)  ΓÜá∩╕Å
  d100 51-75   ΓåÆ     262 hits  (26.20%)  Γ£à
  d100 76-100  ΓåÆ     272 hits  (27.20%)  ΓÜá∩╕Å

  Expected: ~250 per bucket (┬▒5%)
  Result: Γ¥î FAIL

≡ƒÄ▓ TEST 3: Tier Distribution from D20 Rolls
ΓöÇΓöÇΓöÇΓöÇΓöÇΓöÇΓöÇΓöÇΓöÇΓöÇΓöÇΓöÇΓöÇΓöÇΓöÇΓöÇΓöÇΓöÇΓöÇΓöÇΓöÇΓöÇΓöÇΓöÇΓöÇΓöÇΓöÇΓöÇΓöÇΓöÇΓöÇΓöÇΓöÇΓöÇΓöÇΓöÇΓöÇΓöÇΓöÇΓöÇΓöÇΓöÇΓöÇΓöÇΓöÇΓöÇΓöÇΓöÇΓöÇΓöÇΓöÇΓöÇΓöÇΓöÇΓöÇΓöÇΓöÇΓöÇΓöÇΓöÇ
  Configured ranges:
    E   ΓåÆ d20 1-2    (2 slots = 10.0%)
    D   ΓåÆ d20 3-8    (6 slots = 30.0%)
    C   ΓåÆ d20 9-14   (6 slots = 30.0%)
    B   ΓåÆ d20 15-16  (2 slots = 10.0%)
    A   ΓåÆ d20 17-18  (2 slots = 10.0%)
    S   ΓåÆ d20 19-19  (1 slots = 5.0%)
    CRT ΓåÆ d20 20     (1 slot = 5.0%)

  Actual results:
    D         ΓåÆ     297 hits  (29.70%)
    C         ΓåÆ     296 hits  (29.60%)
    E         ΓåÆ     108 hits  (10.80%)
    A         ΓåÆ     108 hits  (10.80%)
    B         ΓåÆ      89 hits  (8.90%)
    CRITICAL  ΓåÆ      56 hits  (5.60%)
    S         ΓåÆ      46 hits  (4.60%)

  Result: Γ£à PASS (distribution shown above for manual review)

≡ƒâÅ TEST 4: Card Selection Fairness (equal weights)
ΓöÇΓöÇΓöÇΓöÇΓöÇΓöÇΓöÇΓöÇΓöÇΓöÇΓöÇΓöÇΓöÇΓöÇΓöÇΓöÇΓöÇΓöÇΓöÇΓöÇΓöÇΓöÇΓöÇΓöÇΓöÇΓöÇΓöÇΓöÇΓöÇΓöÇΓöÇΓöÇΓöÇΓöÇΓöÇΓöÇΓöÇΓöÇΓöÇΓöÇΓöÇΓöÇΓöÇΓöÇΓöÇΓöÇΓöÇΓöÇΓöÇΓöÇΓöÇΓöÇΓöÇΓöÇΓöÇΓöÇΓöÇΓöÇΓöÇΓöÇ
  Pool: Tier D + Mesa "Plano Material" (48 cards)
  Iterations: 1000

  Unique cards drawn: 48
  Expected per card:  ~20.8
  Most drawn:  tiger (32x ΓÇö 3.20%)
  Least drawn: brown-bear (12x ΓÇö 1.20%)

  Top deviation: 53.6% (max acceptable: 50%)
  Result: Γ¥î FAIL ΓÇö card distribution is skewed
ΓöÇΓöÇΓöÇΓöÇΓöÇΓöÇΓöÇΓöÇΓöÇΓöÇΓöÇΓöÇΓöÇΓöÇΓöÇΓöÇΓöÇΓöÇΓöÇΓöÇΓöÇΓöÇΓöÇΓöÇΓöÇΓöÇΓöÇΓöÇΓöÇΓöÇΓöÇΓöÇΓöÇΓöÇΓöÇΓöÇΓöÇΓöÇΓöÇΓöÇΓöÇΓöÇΓöÇΓöÇΓöÇΓöÇΓöÇΓöÇΓöÇΓöÇΓöÇΓöÇΓöÇΓöÇΓöÇΓöÇΓöÇΓöÇΓöÇΓöÇ

Γ¥î SOME TESTS FAILED
Ran at: 2026-03-05T16:52:49.508Z

